Lumean TTS: 9 секци(й), 1480 слов (~11.8 мин при 125 слов/мин).
  HOOK: 174 слов
  BLOCK 1: ЧТО ТЕБЕ РАССКАЗЫВАЛИ: 154 слов
  BLOCK 2: ЛАБОРАТОРИЯ В ЛИДСЕ: 211 слов
  BLOCK 3: СПОР, В КОТОРОМ ЦИФРЫ НЕ СХОДЯТСЯ: 182 слов
  BLOCK 4: ЧТО БЫЛО ПОД ЖЕЛЕЗОМ: 149 слов
  BLOCK 5: ЧЕГО НИКТО НЕ ИЗМЕРИЛ: 136 слов
  BLOCK 6: ЧТО ПИСАЛИ ТЕ, КТО ТАМ БЫЛ: 239 слов
  BLOCK 7: ТРИ ЧАСА АЗЕНКУРА: 133 слов
  FINAL: 102 слов
  Длина в коридоре: 1480 слов (цель 12 мин -> 1425-1605).

[1/9] HOOK
    [HOOK] заказ 01a118f8-065b-73df-9aff-0835dd0dd918 создан, жду готовности...
    [HOOK] аудио скачано: videos/05_dospeh/media_plan/lumean_temp/section_00.mp3
    [HOOK] alignment распознан (1198 символов)

[2/9] BLOCK 1: ЧТО ТЕБЕ РАССКАЗЫВАЛИ
    [BLOCK 1: ЧТО ТЕБЕ РАССКАЗЫВАЛИ] заказ 01a118f8-ba41-7212-a4c5-a6b45f991c39 создан, жду готовности...
    [BLOCK 1: ЧТО ТЕБЕ РАССКАЗЫВАЛИ] аудио скачано: videos/05_dospeh/media_plan/lumean_temp/section_01.mp3
    [BLOCK 1: ЧТО ТЕБЕ РАССКАЗЫВАЛИ] alignment распознан (1010 символов)

[3/9] BLOCK 2: ЛАБОРАТОРИЯ В ЛИДСЕ
    [BLOCK 2: ЛАБОРАТОРИЯ В ЛИДСЕ] заказ 01a118f9-832c-7335-8343-b4c8bc4af0e5 создан, жду готовности...
    [BLOCK 2: ЛАБОРАТОРИЯ В ЛИДСЕ] аудио скачано: videos/05_dospeh/media_plan/lumean_temp/section_02.mp3
    [BLOCK 2: ЛАБОРАТОРИЯ В ЛИДСЕ] alignment распознан (1461 символов)

[4/9] BLOCK 3: СПОР, В КОТОРОМ ЦИФРЫ НЕ СХОДЯТСЯ
    [BLOCK 3: СПОР, В КОТОРОМ ЦИФРЫ НЕ СХОДЯТСЯ] заказ 01a118fa-1f01-716c-88c7-aff3250fb6d1 создан, жду готовности...
    [BLOCK 3: СПОР, В КОТОРОМ ЦИФРЫ НЕ СХОДЯТСЯ] аудио скачано: videos/05_dospeh/media_plan/lumean_temp/section_03.mp3
    [BLOCK 3: СПОР, В КОТОРОМ ЦИФРЫ НЕ СХОДЯТСЯ] alignment распознан (1276 символов)

[5/9] BLOCK 4: ЧТО БЫЛО ПОД ЖЕЛЕЗОМ
    [BLOCK 4: ЧТО БЫЛО ПОД ЖЕЛЕЗОМ] заказ 01a118fa-df10-7215-88be-a31ca49b3238 создан, жду готовности...
    [BLOCK 4: ЧТО БЫЛО ПОД ЖЕЛЕЗОМ] аудио скачано: videos/05_dospeh/media_plan/lumean_temp/section_04.mp3
    [BLOCK 4: ЧТО БЫЛО ПОД ЖЕЛЕЗОМ] alignment распознан (1016 символов)

[6/9] BLOCK 5: ЧЕГО НИКТО НЕ ИЗМЕРИЛ
    [BLOCK 5: ЧЕГО НИКТО НЕ ИЗМЕРИЛ] заказ 01a118fb-77fb-72fe-bef2-872c7d76cf6c создан, жду готовности...
    [BLOCK 5: ЧЕГО НИКТО НЕ ИЗМЕРИЛ] аудио скачано: videos/05_dospeh/media_plan/lumean_temp/section_05.mp3
    [BLOCK 5: ЧЕГО НИКТО НЕ ИЗМЕРИЛ] alignment распознан (878 символов)

[7/9] BLOCK 6: ЧТО ПИСАЛИ ТЕ, КТО ТАМ БЫЛ
    [BLOCK 6: ЧТО ПИСАЛИ ТЕ, КТО ТАМ БЫЛ] заказ 01a118fb-fd4f-72e8-9631-5e821812ff7c создан, жду готовности...
    [BLOCK 6: ЧТО ПИСАЛИ ТЕ, КТО ТАМ БЫЛ] аудио скачано: videos/05_dospeh/media_plan/lumean_temp/section_06.mp3
    [BLOCK 6: ЧТО ПИСАЛИ ТЕ, КТО ТАМ БЫЛ] alignment распознан (1606 символов)

[8/9] BLOCK 7: ТРИ ЧАСА АЗЕНКУРА
    [BLOCK 7: ТРИ ЧАСА АЗЕНКУРА] заказ 01a118fc-9719-73b4-a7fb-39fd60f75194 создан, жду готовности...
    [BLOCK 7: ТРИ ЧАСА АЗЕНКУРА] аудио скачано: videos/05_dospeh/media_plan/lumean_temp/section_07.mp3
    [BLOCK 7: ТРИ ЧАСА АЗЕНКУРА] alignment распознан (845 символов)

[9/9] FINAL
    [FINAL] заказ 01a118fd-308d-70a1-8acc-6feec1868f74 создан, жду готовности...
    [FINAL] аудио скачано: videos/05_dospeh/media_plan/lumean_temp/section_08.mp3
    [FINAL] alignment распознан (659 символов)
  Пауза на границе секций: BLOCK 1: ЧТО ТЕБЕ РАСС+0.97с, BLOCK 2: ЛАБОРАТОРИЯ В+0.97с, BLOCK 3: СПОР, В КОТОР+0.97с, BLOCK 4: ЧТО БЫЛО ПОД +0.97с, BLOCK 5: ЧЕГО НИКТО НЕ+0.97с, BLOCK 6: ЧТО ПИСАЛИ ТЕ+0.99с, BLOCK 7: ТРИ ЧАСА АЗЕН+0.97с, FINAL+0.99с
  Смещение секции BLOCK 2: ЛАБОРАТОРИЯ В ЛИДСЕ: расчёт 148.506 -> замер 148.505 (-1.1 мс)
  Смещение секции BLOCK 3: СПОР, В КОТОРОМ ЦИФРЫ: расчёт 250.331 -> замер 250.330 (-1.0 мс)
  Смещение секции BLOCK 4: ЧТО БЫЛО ПОД ЖЕЛЕЗОМ: расчёт 340.715 -> замер 340.714 (-1.0 мс)
  Смещение секции BLOCK 5: ЧЕГО НИКТО НЕ ИЗМЕРИЛ: расчёт 411.402 -> замер 411.376 (-26.1 мс)
  Смещение секции BLOCK 6: ЧТО ПИСАЛИ ТЕ, КТО ТА: расчёт 472.503 -> замер 472.502 (-1.1 мс)
  Смещение секции BLOCK 7: ТРИ ЧАСА АЗЕНКУРА: расчёт 588.722 -> замер 588.696 (-26.1 мс)
  Смещение секции FINAL: расчёт 650.475 -> замер 650.449 (-26.1 мс)

Готово: videos/05_dospeh/audio.mp3 (698.1с, 11.6 мин)
Оценка по словам: 11.8 мин | факт: 11.6 мин | расхождение 1.7%
Alignment распознан для: HOOK, BLOCK 1: ЧТО ТЕБЕ РАССКАЗЫВАЛИ, BLOCK 2: ЛАБОРАТОРИЯ В ЛИДСЕ, BLOCK 3: СПОР, В КОТОРОМ ЦИФРЫ НЕ СХОДЯТСЯ, BLOCK 4: ЧТО БЫЛО ПОД ЖЕЛЕЗОМ, BLOCK 5: ЧЕГО НИКТО НЕ ИЗМЕРИЛ, BLOCK 6: ЧТО ПИСАЛИ ТЕ, КТО ТАМ БЫЛ, BLOCK 7: ТРИ ЧАСА АЗЕНКУРА, FINAL
Дальше по протоколу: scripts/fix_pauses.py (Шаг 7) — та же цепочка, что и после ручной/ElevenLabs-озвучки, без изменений.
